Download http://localhost:4545/npm/registry/@types/node
Download http://localhost:4545/npm/registry/@types/node/node-18.16.19.tgz
Check file:///[WILDCARD]/publish/bare_node_builtins/mod.ts
Checking for slow types in the public API...
Check file:///[WILDCARD]/publish/bare_node_builtins/mod.ts
Simulating publish of @foo/bar@1.0.0 with files:
   file:///[WILDCARD]/publish/bare_node_builtins/deno.json (87B)
   file:///[WILDCARD]/publish/bare_node_builtins/mod.ts (121B)
Warning Aborting due to --dry-run
