Checking for slow types in the public API...
Check [WILDCARD]
Simulating publish of @foo/bar@1.0.0 with files:
   [WILDCARD]deno.json (140B)
   [WILDCARD]mod.ts (114B)
   [WILDCARD]std_http.ts (119B)
Warning Aborting due to --dry-run
