Check file:///[WILDCARD]/publish/sloppy_imports/mod.ts
Checking for slow types in the public API...
Check file:///[WILDCARD]/publish/sloppy_imports/mod.ts
Simulating publish of @foo/bar@1.0.0 with files:
   file:///[WILDCARD]/publish/sloppy_imports/b/index.ts (27B)
   file:///[WILDCARD]/publish/sloppy_imports/deno.json (87B)
   file:///[WILDCARD]/publish/sloppy_imports/mod.ts (35B)
Warning Aborting due to --dry-run
