Download http://localhost:4558/@denotest/bin
Download http://localhost:4558/@denotest/bin/1.0.0.tgz
Initialize @denotest/bin@1.0.0
dev
--help
