@denotest/add
[Module: null prototype] {
  add: [Function (anonymous)],
  default: { add: [Function (anonymous)] }
}
