error: Error getting response at http://localhost:4260/chalk for package "chalk": An npm specifier not found in cache: "chalk", --cached-only is specified.
    at file:///[WILDCARD]/testdata/npm/cached_only/main.ts:1:19
