[WILDCARD]package.json file found at '[WILDCARD]with_package_json[WILDCARD]package.json'
[WILDCARD]
ok
[Chalk (anonymous)] {
  constructor: [Function (anonymous)],
  Instance: [Class: ChalkClass],
  supportsColor: false,
  stderr: [Chalk (anonymous)] {
    constructor: [Function (anonymous)],
    Instance: [Class: ChalkClass],
    supportsColor: false
  }
}
