[UNORDERED_START]
Download http://localhost:4558/@denotest/MixedCase
Download http://localhost:4558/@denotest/CAPITALS
[UNORDERED_END]
[UNORDERED_START]
Download http://localhost:4558/@denotest/CAPITALS/1.0.0.tgz
Initialize @denotest/CAPITALS@1.0.0
Download http://localhost:4558/@denotest/MixedCase/1.0.0.tgz
Initialize @denotest/MixedCase@1.0.0
[UNORDERED_END]
5
true
true
