Download http://localhost:4558/@denotest/imports-package-json
Download http://localhost:4558/@denotest/imports-package-json/1.0.0.tgz
hi
bye
function
function
function
