Download http://localhost:4260/@denotest/types-pkg-json-import
Download http://localhost:4260/@denotest/types-pkg-json-import/1.0.0.tgz
Check file:///[WILDLINE]/main.ts
