Download http://localhost:4545/npm/registry/@denotest/bin
Download http://localhost:4545/npm/registry/@denotest/bin/1.0.0.tgz
Task output deno eval 'console.log(1)' "some" "text"
1
