[WILDCARD]Config file found at '[WILDCARD]with_package_json[WILDCARD]with_stop[WILDCARD]some[WILDCARD]nested[WILDCARD]deno.json'
[WILDCARD]No package.json file found
[WILDCARD]
ok
