{
  "version": 1,
  "denoDir": "[WILDCARD]",
  "modulesCache": "[WILDCARD]deps",
  "npmCache": "[WILDCARD]npm",
  "typescriptCache": "[WILDCARD]gen",
  "registryCache": "[WILDCARD]registries",
  "originStorage": "[WILDCARD]location_data"
}
