Unstable API 'Worker.deno.permissions'. The --unstable flag must be provided.
