Download http://localhost:4558/@denotest/typescript-file
Download http://localhost:4558/@denotest/typescript-file/1.0.0.tgz
error: Could not resolve 'npm:@denotest/typescript-file@1.0.0'.

Caused by:
    TypeScript files are not supported in npm packages: file:///[WILDCARD]/@denotest/typescript-file/1.0.0/index.ts
