[UNORDERED_START]
Download http://localhost:4260/@denotest/lifecycle-scripts-cjs
Download http://localhost:4260/@denotest/bin
Download http://localhost:4260/@denotest/lifecycle-scripts-cjs/1.0.0.tgz
Download http://localhost:4260/@denotest/bin/1.0.0.tgz
Initialize @denotest/lifecycle-scripts-cjs@1.0.0
Initialize @denotest/bin@1.0.0
Initialize @denotest/lifecycle-scripts-cjs@1.0.0: running 'preinstall' script
Initialize @denotest/lifecycle-scripts-cjs@1.0.0: running 'install' script
[UNORDERED_END]
