Check [WILDCARD]/interval.ts
cpu: [WILDCARD]
runtime: deno [WILDCARD] ([WILDCARD])

[WILDCARD]/interval.ts
benchmark      time (avg)        iter/s             (min â€¦ max)       p75       p99      p995
--------------------------------------------------------------- -----------------------------

