Check [WILDCARD]dom_extras_dts.ts
URLPattern[WILDCARD]
function
