Check [WILDCARD]/meta.ts
import.meta.main: false
import.meta.url: [WILDCARD]/meta.ts
cpu: [WILDCARD]
runtime: deno [WILDCARD] ([WILDCARD])

[WILDCARD]/meta.ts
benchmark      time (avg)        iter/s             (min â€¦ max)       p75       p99      p995
--------------------------------------------------------------- -----------------------------

