Download http://localhost:4545/npm/registry/@denotest/bin
Download http://localhost:4545/npm/registry/@denotest/bin/0.5.0.tgz
Download http://localhost:4545/npm/registry/@denotest/bin/1.0.0.tgz
Task bin @denotest/bin hi && cli-esm testing this out && npx cli-cjs test "extra"
hi
testing
this
out
test
extra
