error: package '@denotest/esm-basic' did not have a bin property in its package.json
