[WILDCARD]PermissionDenied: Requires run access to "[WILDLINE]ls[WILDLINE]", run again with the --allow-run flag
[WILDCARD]
true
